{"sellOrders": [{"id": 1, "price": 14, "quantity": 10}], "buyOrders": []}
