{"sellOrders":[{"id":1,"price":14,"quantity":20}],"buyOrders":[]}
{"sellOrders":[{"id":1,"price":14,"quantity":10}],"buyOrders":[]}
{"buyOrderId":2,"sellOrderId":1,"price":14,"quantity":5}
{"buyOrderId":2,"sellOrderId":1,"price":14,"quantity":5}